Archive member included to satisfy reference by file (symbol)

c:/rt-threadstudio/repo/extract/toolchain_support_packages/wch/risc-v-gcc-wch/8.2.0/bin/../lib/gcc/riscv-none-embed/8.2.0/../../../../riscv-none-embed/lib/rv32imac/ilp32\libc.a(lib_a-atoi.o)
                              build\kernel\components\drivers\misc\adc.o (atoi)
c:/rt-threadstudio/repo/extract/toolchain_support_packages/wch/risc-v-gcc-wch/8.2.0/bin/../lib/gcc/riscv-none-embed/8.2.0/../../../../riscv-none-embed/lib/rv32imac/ilp32\libc.a(lib_a-locale.o)
                              build\kernel\components\finsh\msh_parse.o (__locale_ctype_ptr)
c:/rt-threadstudio/repo/extract/toolchain_support_packages/wch/risc-v-gcc-wch/8.2.0/bin/../lib/gcc/riscv-none-embed/8.2.0/../../../../riscv-none-embed/lib/rv32imac/ilp32\libc.a(lib_a-malloc.o)
                              build\kernel\components\libc\compilers\common\cstring.o (malloc)
c:/rt-threadstudio/repo/extract/toolchain_support_packages/wch/risc-v-gcc-wch/8.2.0/bin/../lib/gcc/riscv-none-embed/8.2.0/../../../../riscv-none-embed/lib/rv32imac/ilp32\libc.a(lib_a-mbtowc_r.o)
                              c:/rt-threadstudio/repo/extract/toolchain_support_packages/wch/risc-v-gcc-wch/8.2.0/bin/../lib/gcc/riscv-none-embed/8.2.0/../../../../riscv-none-embed/lib/rv32imac/ilp32\libc.a(lib_a-locale.o) (__ascii_mbtowc)
c:/rt-threadstudio/repo/extract/toolchain_support_packages/wch/risc-v-gcc-wch/8.2.0/bin/../lib/gcc/riscv-none-embed/8.2.0/../../../../riscv-none-embed/lib/rv32imac/ilp32\libc.a(lib_a-memcmp.o)
                              build\kernel\components\finsh\shell.o (memcmp)
c:/rt-threadstudio/repo/extract/toolchain_support_packages/wch/risc-v-gcc-wch/8.2.0/bin/../lib/gcc/riscv-none-embed/8.2.0/../../../../riscv-none-embed/lib/rv32imac/ilp32\libc.a(lib_a-strchr.o)
                              build\kernel\components\libc\compilers\common\cstring.o (strchr)
c:/rt-threadstudio/repo/extract/toolchain_support_packages/wch/risc-v-gcc-wch/8.2.0/bin/../lib/gcc/riscv-none-embed/8.2.0/../../../../riscv-none-embed/lib/rv32imac/ilp32\libc.a(lib_a-strcmp.o)
                              build\kernel\components\drivers\misc\adc.o (strcmp)
c:/rt-threadstudio/repo/extract/toolchain_support_packages/wch/risc-v-gcc-wch/8.2.0/bin/../lib/gcc/riscv-none-embed/8.2.0/../../../../riscv-none-embed/lib/rv32imac/ilp32\libc.a(lib_a-strcpy.o)
                              build\kernel\components\finsh\shell.o (strcpy)
c:/rt-threadstudio/repo/extract/toolchain_support_packages/wch/risc-v-gcc-wch/8.2.0/bin/../lib/gcc/riscv-none-embed/8.2.0/../../../../riscv-none-embed/lib/rv32imac/ilp32\libc.a(lib_a-strlen.o)
                              build\kernel\components\finsh\msh.o (strlen)
c:/rt-threadstudio/repo/extract/toolchain_support_packages/wch/risc-v-gcc-wch/8.2.0/bin/../lib/gcc/riscv-none-embed/8.2.0/../../../../riscv-none-embed/lib/rv32imac/ilp32\libc.a(lib_a-strncmp.o)
                              build\kernel\components\finsh\msh.o (strncmp)
c:/rt-threadstudio/repo/extract/toolchain_support_packages/wch/risc-v-gcc-wch/8.2.0/bin/../lib/gcc/riscv-none-embed/8.2.0/../../../../riscv-none-embed/lib/rv32imac/ilp32\libc.a(lib_a-strncpy.o)
                              build\kernel\components\finsh\shell.o (strncpy)
c:/rt-threadstudio/repo/extract/toolchain_support_packages/wch/risc-v-gcc-wch/8.2.0/bin/../lib/gcc/riscv-none-embed/8.2.0/../../../../riscv-none-embed/lib/rv32imac/ilp32\libc.a(lib_a-strrchr.o)
                              build\kernel\components\libc\compilers\common\cstring.o (strrchr)
c:/rt-threadstudio/repo/extract/toolchain_support_packages/wch/risc-v-gcc-wch/8.2.0/bin/../lib/gcc/riscv-none-embed/8.2.0/../../../../riscv-none-embed/lib/rv32imac/ilp32\libc.a(lib_a-strtol.o)
                              c:/rt-threadstudio/repo/extract/toolchain_support_packages/wch/risc-v-gcc-wch/8.2.0/bin/../lib/gcc/riscv-none-embed/8.2.0/../../../../riscv-none-embed/lib/rv32imac/ilp32\libc.a(lib_a-atoi.o) (_strtol_r)
c:/rt-threadstudio/repo/extract/toolchain_support_packages/wch/risc-v-gcc-wch/8.2.0/bin/../lib/gcc/riscv-none-embed/8.2.0/../../../../riscv-none-embed/lib/rv32imac/ilp32\libc.a(lib_a-wctomb_r.o)
                              c:/rt-threadstudio/repo/extract/toolchain_support_packages/wch/risc-v-gcc-wch/8.2.0/bin/../lib/gcc/riscv-none-embed/8.2.0/../../../../riscv-none-embed/lib/rv32imac/ilp32\libc.a(lib_a-locale.o) (__ascii_wctomb)
c:/rt-threadstudio/repo/extract/toolchain_support_packages/wch/risc-v-gcc-wch/8.2.0/bin/../lib/gcc/riscv-none-embed/8.2.0/../../../../riscv-none-embed/lib/rv32imac/ilp32\libc.a(lib_a-ctype_.o)
                              c:/rt-threadstudio/repo/extract/toolchain_support_packages/wch/risc-v-gcc-wch/8.2.0/bin/../lib/gcc/riscv-none-embed/8.2.0/../../../../riscv-none-embed/lib/rv32imac/ilp32\libc.a(lib_a-locale.o) (_ctype_)
[...]
Memory Configuration

Name             Origin             Length             Attributes
FLASH            0x0000000000000000 0x0000000000078000 xr
RAM              0x0000000020000000 0x0000000000010000 xrw
*default*        0x0000000000000000 0xffffffffffffffff

Linker script and memory map

LOAD c:/rt-threadstudio/repo/extract/toolchain_support_packages/wch/risc-v-gcc-wch/8.2.0/bin/../lib/gcc/riscv-none-embed/8.2.0/../../../../riscv-none-embed/lib/rv32imac/ilp32\libc.a
LOAD Libraries\ch32_drivers\drv_common.o
LOAD Libraries\ch32_drivers\drv_gpio.o
LOAD Libraries\ch32_drivers\drv_usart.o
LOAD build\applications\main.o
LOAD build\board\board.o
LOAD build\board\software_irq.o
LOAD build\kernel\components\drivers\core\device.o
LOAD build\kernel\components\drivers\hwtimer\hwtimer.o
LOAD build\kernel\components\drivers\i2c\i2c-bit-ops.o
LOAD build\kernel\components\drivers\i2c\i2c_core.o
LOAD build\kernel\components\drivers\i2c\i2c_dev.o
LOAD build\kernel\components\drivers\ipc\completion.o
LOAD build\kernel\components\drivers\ipc\dataqueue.o
LOAD build\kernel\components\drivers\ipc\pipe.o
LOAD build\kernel\components\drivers\ipc\ringblk_buf.o
LOAD build\kernel\components\drivers\ipc\ringbuffer.o
LOAD build\kernel\components\drivers\ipc\waitqueue.o
LOAD build\kernel\components\drivers\ipc\workqueue.o
LOAD build\kernel\components\drivers\misc\adc.o
LOAD build\kernel\components\drivers\misc\pin.o
LOAD build\kernel\components\drivers\misc\rt_drv_pwm.o
LOAD build\kernel\components\drivers\rtc\rtc.o
LOAD build\kernel\components\drivers\serial\serial.o
LOAD build\kernel\components\finsh\cmd.o
LOAD build\kernel\components\finsh\msh.o
LOAD build\kernel\components\finsh\msh_parse.o
LOAD build\kernel\components\finsh\shell.o
LOAD build\kernel\components\libc\compilers\common\cctype.o
LOAD build\kernel\components\libc\compilers\common\cstdio.o
LOAD build\kernel\components\libc\compilers\common\cstdlib.o
LOAD build\kernel\components\libc\compilers\common\cstring.o
LOAD build\kernel\components\libc\compilers\common\ctime.o
LOAD build\kernel\components\libc\compilers\common\cwchar.o
LOAD build\kernel\components\libc\compilers\newlib\syscalls.o
LOAD build\kernel\libcpu\risc-v\common\atomic_riscv.o
LOAD build\kernel\libcpu\risc-v\common\context_gcc.o
LOAD build\kernel\libcpu\risc-v\common\cpuport.o
LOAD build\kernel\libcpu\risc-v\common\interrupt_gcc.o
LOAD build\kernel\libcpu\risc-v\common\trap_common.o
LOAD build\kernel\src\clock.o
LOAD build\kernel\src\components.o
LOAD build\kernel\src\idle.o
LOAD build\kernel\src\ipc.o
LOAD build\kernel\src\irq.o
LOAD build\kernel\src\kservice.o
LOAD build\kernel\src\mem.o
LOAD build\kernel\src\object.o
LOAD build\kernel\src\scheduler_up.o
LOAD build\kernel\src\thread.o
LOAD build\kernel\src\timer.o
LOAD build\libraries\ch32_library\bmsis\source\ch32v20x_it.o
LOAD build\libraries\ch32_library\bmsis\source\core_riscv.o
LOAD build\libraries\ch32_library\bmsis\source\debug.o
LOAD build\libraries\ch32_library\bmsis\source\startup_ch32v20x_D8W.o
LOAD build\libraries\ch32_library\bmsis\source\system_ch32v20x.o
LOAD build\libraries\ch32_library\ch32v208_hal\source\ch32v20x_adc.o
LOAD build\libraries\ch32_library\ch32v208_hal\source\ch32v20x_bkp.o
LOAD build\libraries\ch32_library\ch32v208_hal\source\ch32v20x_can.o
LOAD build\libraries\ch32_library\ch32v208_hal\source\ch32v20x_crc.o
LOAD build\libraries\ch32_library\ch32v208_hal\source\ch32v20x_dbgmcu.o
LOAD build\libraries\ch32_library\ch32v208_hal\source\ch32v20x_dma.o
LOAD build\libraries\ch32_library\ch32v208_hal\source\ch32v20x_exti.o
LOAD build\libraries\ch32_library\ch32v208_hal\source\ch32v20x_flash.o
LOAD build\libraries\ch32_library\ch32v208_hal\source\ch32v20x_gpio.o
LOAD build\libraries\ch32_library\ch32v208_hal\source\ch32v20x_i2c.o
LOAD build\libraries\ch32_library\ch32v208_hal\source\ch32v20x_iwdg.o
LOAD build\libraries\ch32_library\ch32v208_hal\source\ch32v20x_misc.o
LOAD build\libraries\ch32_library\ch32v208_hal\source\ch32v20x_opa.o
LOAD build\libraries\ch32_library\ch32v208_hal\source\ch32v20x_pwr.o
LOAD build\libraries\ch32_library\ch32v208_hal\source\ch32v20x_rcc.o
LOAD build\libraries\ch32_library\ch32v208_hal\source\ch32v20x_rtc.o
LOAD build\libraries\ch32_library\ch32v208_hal\source\ch32v20x_spi.o
LOAD build\libraries\ch32_library\ch32v208_hal\source\ch32v20x_tim.o
LOAD build\libraries\ch32_library\ch32v208_hal\source\ch32v20x_usart.o
LOAD build\libraries\ch32_library\ch32v208_hal\source\ch32v20x_wwdg.o
LOAD c:/rt-threadstudio/repo/extract/toolchain_support_packages/wch/risc-v-gcc-wch/8.2.0/bin/../lib/gcc/riscv-none-embed/8.2.0/../../../../riscv-none-embed/lib/rv32imac/ilp32\libc.a
LOAD c:/rt-threadstudio/repo/extract/toolchain_support_packages/wch/risc-v-gcc-wch/8.2.0/bin/../lib/gcc/riscv-none-embed/8.2.0/../../../../riscv-none-embed/lib/rv32imac/ilp32\libm.a
LOAD c:/rt-threadstudio/repo/extract/toolchain_support_packages/wch/risc-v-gcc-wch/8.2.0/bin/../lib/gcc/riscv-none-embed/8.2.0/rv32imac/ilp32\libgcc.a
START GROUP
LOAD c:/rt-threadstudio/repo/extract/toolchain_support_packages/wch/risc-v-gcc-wch/8.2.0/bin/../lib/gcc/riscv-none-embed/8.2.0/rv32imac/ilp32\libgcc.a
LOAD c:/rt-threadstudio/repo/extract/toolchain_support_packages/wch/risc-v-gcc-wch/8.2.0/bin/../lib/gcc/riscv-none-embed/8.2.0/../../../../riscv-none-embed/lib/rv32imac/ilp32\libg.a
LOAD c:/rt-threadstudio/repo/extract/toolchain_support_packages/wch/risc-v-gcc-wch/8.2.0/bin/../lib/gcc/riscv-none-embed/8.2.0/../../../../riscv-none-embed/lib/rv32imac/ilp32\libc.a
END GROUP
LOAD c:/rt-threadstudio/repo/extract/toolchain_support_packages/wch/risc-v-gcc-wch/8.2.0/bin/../lib/gcc/riscv-none-embed/8.2.0/rv32imac/ilp32\libgcc.a
                0x0000000000000800                __stack_size = 0x800
                [!provide]                        PROVIDE (_stack_size = __stack_size)

.init           0x0000000000000000       0x38
                0x0000000000000000                _sinit = .
                0x0000000000000000                . = ALIGN (0x4)
 *(SORT_NONE(.init))
 .init          0x0000000000000000       0x38 build\libraries\ch32_library\bmsis\source\startup_ch32v20x_D8W.o
                0x0000000000000000                _start
                0x0000000000000038                . = ALIGN (0x4)
                0x0000000000000038                _einit = .

.vector         0x0000000000000038      0x148
 *(.vector)
 .vector        0x0000000000000038      0x118 build\libraries\ch32_library\bmsis\source\startup_ch32v20x_D8W.o
                0x0000000000000180                . = ALIGN (0x40)
 *fill*         0x0000000000000150       0x30 

.text           0x0000000000000180    0x16968
                0x0000000000000180                . = ALIGN (0x4)
 *(.text)
 .text          0x0000000000000180      0xd1e Libraries\ch32_drivers\drv_gpio.o
                0x0000000000000b1c                HAL_GPIO_EXTI_Callback
                0x0000000000000b42                EXTI0_IRQHandler
                0x0000000000000bb6                EXTI1_IRQHandler
                0x0000000000000c2a                EXTI2_IRQHandler
                0x0000000000000c9e                EXTI3_IRQHandler
                0x0000000000000d12                EXTI4_IRQHandler
                0x0000000000000d86                EXTI9_5_IRQHandler
                0x0000000000000e48                rt_hw_pin_init
 .text          0x0000000000000e9e      0x65e Libraries\ch32_drivers\drv_usart.o
                0x000000000000129a                USART1_IRQHandler
                0x0000000000001304                rt_hw_usart_init
 .text          0x00000000000014fc       0x94 build\applications\main.o
                0x00000000000014fc                main
 .text          0x0000000000001590      0x1b2 build\board\board.o
                0x0000000000001660                rt_heap_begin_get
                0x0000000000001676                rt_heap_end_get
                0x000000000000168c                rt_hw_board_init
                0x00000000000016d6                SysTick_Handler
 .text          0x0000000000001742       0x4c build\board\software_irq.o
                0x0000000000001742                rt_trigger_software_interrupt
                0x0000000000001762                rt_hw_do_after_save_above
 .text          0x000000000000178e      0x496 build\kernel\components\drivers\core\device.o
                0x000000000000178e                rt_device_register
                0x00000000000017f4                rt_device_unregister
                0x0000000000001816                rt_device_find
                0x0000000000001838                rt_device_create
                0x00000000000018a4                rt_device_destroy
                0x00000000000018cc                rt_device_init
                0x000000000000192e                rt_device_open
                0x0000000000001a5c                rt_device_close
                0x0000000000001adc                rt_device_read
                0x0000000000001b3e                rt_device_write
                0x0000000000001ba0                rt_device_control
                0x0000000000001be0                rt_device_set_rx_indicate
                0x0000000000001c02                rt_device_set_tx_complete
 .text          0x0000000000001c24      0x202 build\kernel\components\drivers\ipc\completion.o
                0x0000000000001cb6                rt_completion_init
                0x0000000000001cee                rt_completion_wait
                0x0000000000001dba                rt_completion_done
 .text          0x0000000000001e26      0x7a2 build\kernel\components\drivers\misc\adc.o
                0x0000000000001ff8                rt_hw_adc_register
                0x000000000000209e                rt_adc_read
                0x00000000000020d8                rt_adc_enable
                0x0000000000002128                rt_adc_disable
                0x0000000000002178                rt_adc_voltage
 .text          0x00000000000025c8      0x8ae build\kernel\components\drivers\misc\pin.o
                0x00000000000026fa                rt_device_pin_register
                0x00000000000027c6                rt_pin_attach_irq
                0x0000000000002828                rt_pin_detach_irq
                0x000000000000286c                rt_pin_irq_enable
                0x00000000000028bc                rt_pin_mode
                0x00000000000028f8                rt_pin_write
                0x0000000000002934                rt_pin_read
                0x0000000000002966                rt_pin_get
 .text          0x0000000000002e76      0xcbe build\kernel\components\drivers\misc\rt_drv_pwm.o
                0x0000000000003070                rt_device_pwm_register
                0x000000000000311a                rt_pwm_enable
                0x00000000000031ca                rt_pwm_disable
                0x000000000000327a                rt_pwm_set
                0x0000000000003304                rt_pwm_set_period
                0x0000000000003382                rt_pwm_set_pulse
                0x0000000000003400                rt_pwm_set_dead_time
                0x000000000000347e                rt_pwm_set_phase
                0x00000000000034fc                rt_pwm_get
 .text          0x0000000000003b34      0x814 build\kernel\components\drivers\rtc\rtc.o
                0x0000000000003cce                rt_hw_rtc_register
                0x0000000000003d7a                set_date
                0x0000000000003e92                set_time
                0x0000000000003fa4                set_timestamp
                0x000000000000400e                get_timestamp
 .text          0x0000000000004348      0xba8 build\kernel\components\drivers\serial\serial.o
                0x0000000000004c58                rt_hw_serial_register
                0x0000000000004d16                rt_hw_serial_isr
 .text          0x0000000000004ef0     0x1160 build\kernel\components\finsh\cmd.o
                0x0000000000004f7e                version
                0x0000000000005144                list_thread
                0x0000000000005408                list_sem
                0x000000000000557c                list_event
                0x00000000000056dc                list_mutex
                0x0000000000005892                list_mailbox
                0x0000000000005a32                list_msgqueue
                0x0000000000005bb2                list_timer
                0x0000000000005d20                list_device
                0x0000000000005e72                cmd_list
 .text          0x0000000000006050      0x6ae build\kernel\components\finsh\msh.o
                0x0000000000006050                msh_help
                0x00000000000060c4                cmd_ps
                0x00000000000060e4                cmd_free
                0x00000000000064f4                msh_exec
                0x000000000000661c                msh_auto_complete
 .text          0x00000000000066fe      0x210 build\kernel\components\finsh\msh_parse.o
                0x00000000000066fe                msh_isint
                0x0000000000006788                msh_ishex
                0x0000000000006856                msh_strtohex
 .text          0x000000000000690e      0xfb6 build\kernel\components\finsh\shell.o
                0x000000000000690e                finsh_set_prompt
                0x0000000000006992                finsh_get_prompt
                0x0000000000006a3e                finsh_get_prompt_mode
                0x0000000000006a60                finsh_set_prompt_mode
                0x0000000000006a9c                finsh_getchar
                0x0000000000006b5c                finsh_set_device
                0x0000000000006c58                finsh_get_device
                0x0000000000006c74                finsh_set_echo
                0x0000000000006cae                finsh_get_echo
                0x0000000000006f40                finsh_thread_entry
                0x00000000000077e4                finsh_system_function_init
                0x000000000000780e                finsh_system_init
 .text          0x00000000000078c4     0x10a0 build\kernel\components\libc\compilers\common\ctime.o
                0x00000000000079f0                gmtime_r
                0x0000000000007be6                gmtime
                0x0000000000007c0c                localtime_r
                0x0000000000007ca6                localtime
                0x0000000000007ccc                mktime
                0x0000000000007d62                asctime_r
                0x000000000000801c                asctime
                0x0000000000008042                ctime_r
                0x0000000000008074                ctime
                0x0000000000008098                difftime
                0x00000000000080f0                time
                0x0000000000008144                clock
                0x000000000000815c                stime
                0x0000000000008194                timegm
                0x0000000000008840                gettimeofday
                0x00000000000088b4                settimeofday
                0x000000000000890a                tz_set
                0x000000000000893a                tz_get
                0x0000000000008954                tz_is_dst
 .text          0x0000000000008964       0xd2 build\kernel\libcpu\risc-v\common\context_gcc.o
                0x0000000000008964                rt_hw_interrupt_disable
                0x000000000000896a                rt_hw_interrupt_enable
                0x0000000000008970                rt_hw_context_switch_to
                0x0000000000008988                rt_hw_context_switch
                0x00000000000089de                rt_hw_context_switch_exit
 .text          0x0000000000008a36      0x132 build\kernel\libcpu\risc-v\common\cpuport.o
                0x0000000000008a36                rt_hw_stack_init
                0x0000000000008af2                rt_hw_context_switch_interrupt
                0x0000000000008b3c                rt_hw_cpu_shutdown
 .text          0x0000000000008b68      0x194 build\kernel\src\clock.o
                0x0000000000008b68                rt_tick_sethook
                0x0000000000008b88                rt_tick_get
                0x0000000000008ba0                rt_tick_set
                0x0000000000008bd4                rt_tick_increase
                0x0000000000008c7c                rt_tick_from_millisecond
                0x0000000000008ce6                rt_tick_get_millisecond
 .text          0x0000000000008cfc      0x168 build\kernel\src\components.o
                0x0000000000008d3c                rt_components_board_init
                0x0000000000008d7e                rt_components_init
                0x0000000000008dc0                entry
                0x0000000000008dd6                main_thread_entry
                0x0000000000008df2                rt_application_init
                0x0000000000008e30                rtthread_startup
 .text          0x0000000000008e64      0x384 build\kernel\src\idle.o
                0x0000000000008eea                rt_thread_idle_sethook
                0x0000000000008f64                rt_thread_idle_delhook
                0x0000000000008fe2                rt_thread_defunct_enqueue
                0x0000000000009006                rt_thread_defunct_dequeue
                0x000000000000911e                rt_thread_idle_init
                0x00000000000091c0                rt_thread_idle_gethandler
 .text          0x00000000000091e8     0x2b74 build\kernel\src\ipc.o
                0x0000000000009484                rt_sem_init
                0x00000000000094e0                rt_sem_detach
                0x000000000000950c                rt_sem_create
                0x0000000000009570                rt_sem_delete
                0x00000000000096cc                rt_sem_take
                0x00000000000096f4                rt_sem_take_interruptible
                0x000000000000971c                rt_sem_take_killable
                0x0000000000009744                rt_sem_trytake
                0x0000000000009764                rt_sem_release
                0x0000000000009812                rt_sem_control
                0x0000000000009a3e                rt_mutex_init
                0x0000000000009ab4                rt_mutex_detach
                0x0000000000009b02                rt_mutex_drop_thread
                0x0000000000009bba                rt_mutex_setprioceiling
                0x0000000000009c60                rt_mutex_getprioceiling
                0x0000000000009c8e                rt_mutex_create
                0x0000000000009d0e                rt_mutex_delete
                0x000000000000a030                rt_mutex_take
                0x000000000000a058                rt_mutex_take_interruptible
                0x000000000000a080                rt_mutex_take_killable
                0x000000000000a0a8                rt_mutex_trytake
                0x000000000000a0c8                rt_mutex_release
                0x000000000000a27e                rt_mutex_control
                0x000000000000a29a                rt_event_init
                0x000000000000a2ea                rt_event_detach
                0x000000000000a318                rt_event_create
                0x000000000000a370                rt_event_delete
                0x000000000000a39e                rt_event_send
                0x000000000000a72a                rt_event_recv
                0x000000000000a76c                rt_event_recv_interruptible
                0x000000000000a7ae                rt_event_recv_killable
                0x000000000000a7f0                rt_event_control
                0x000000000000a846                rt_mb_init
                0x000000000000a8d8                rt_mb_detach
                0x000000000000a914                rt_mb_create
                0x000000000000a9ce                rt_mb_delete
                0x000000000000ac40                rt_mb_send_wait
                0x000000000000ac70                rt_mb_send_wait_interruptible
                0x000000000000aca0                rt_mb_send_wait_killable
                0x000000000000acd0                rt_mb_send
                0x000000000000acf8                rt_mb_send_interruptible
                0x000000000000ad20                rt_mb_send_killable
                0x000000000000ad48                rt_mb_urgent
                0x000000000000b09a                rt_mb_recv
                0x000000000000b0ca                rt_mb_recv_interruptibale
                0x000000000000b0fa                rt_mb_recv_killable
                0x000000000000b12a                rt_mb_control
                0x000000000000b19e                rt_mq_init
                0x000000000000b2c0                rt_mq_detach
                0x000000000000b2fc                rt_mq_create
                0x000000000000b438                rt_mq_delete
                0x000000000000b6ea                rt_mq_send_wait
                0x000000000000b724                rt_mq_send_wait_interruptible
                0x000000000000b75e                rt_mq_send_wait_killable
                0x000000000000b798                rt_mq_send
                0x000000000000b7c8                rt_mq_send_interrupt
                0x000000000000b7f8                rt_mq_send_killable
                0x000000000000b828                rt_mq_urgent
                0x000000000000bbfe                rt_mq_recv
                0x000000000000bc38                rt_mq_recv_interruptible
                0x000000000000bc72                rt_mq_recv_killable
                0x000000000000bcac                rt_mq_control
 .text          0x000000000000bd5c      0x12a build\kernel\src\irq.o
                0x000000000000bd5c                rt_interrupt_enter_sethook
                0x000000000000bd7c                rt_interrupt_leave_sethook
                0x000000000000bd9c                rt_interrupt_enter
                0x000000000000bdf0                rt_interrupt_leave
                0x000000000000be44                rt_interrupt_get_nest
                0x000000000000be76                rt_hw_interrupt_is_disabled
 .text          0x000000000000be86     0x1c6a build\kernel\src\kservice.o
                0x000000000000be98                rt_hw_cpu_arch
                0x000000000000beae                rt_strerror
                0x000000000000befc                rt_get_errno
                0x000000000000bf46                rt_set_errno
                0x000000000000bf9e                _rt_errno
                0x000000000000bfe6                rt_memset
                0x000000000000c118                rt_memcpy
                0x000000000000c276                rt_memmove
                0x000000000000c342                rt_memcmp
                0x000000000000c3c6                rt_strstr
                0x000000000000c44a                rt_strcasecmp
                0x000000000000c4f6                rt_strncpy
                0x000000000000c584                rt_strcpy
                0x000000000000c5de                rt_strncmp
                0x000000000000c64e                rt_strcmp
                0x000000000000c6ae                rt_strlen
                0x000000000000c6ee                rt_strnlen
                0x000000000000c744                rt_strdup
                0x000000000000c790                rt_show_version
                0x000000000000cd2e                rt_vsnprintf
                0x000000000000d3ce                rt_snprintf
                0x000000000000d424                rt_vsprintf
                0x000000000000d454                rt_sprintf
                0x000000000000d4a4                rt_console_get_device
                0x000000000000d4bc                rt_console_set_device
                0x000000000000d53c                rt_hw_console_output
                0x000000000000d54e                rt_kputs
                0x000000000000d5a6                rt_kprintf
                0x000000000000d64a                rt_malloc_sethook
                0x000000000000d66a                rt_free_sethook
                0x000000000000d76c                rt_system_heap_init
                0x000000000000d7c6                rt_malloc
                0x000000000000d822                rt_realloc
                0x000000000000d868                rt_calloc
                0x000000000000d8b8                rt_free
                0x000000000000d906                rt_memory_info
                0x000000000000d93e                rt_malloc_align
                0x000000000000da14                rt_free_align
                0x000000000000da48                __rt_ffs
 .text          0x000000000000daf0      0x706 build\kernel\src\mem.o
                0x000000000000dbfc                rt_smem_init
                0x000000000000dd74                rt_smem_detach
                0x000000000000dd96                rt_smem_alloc
                0x000000000000dfbe                rt_smem_realloc
                0x000000000000e16a                rt_smem_free
 .text          0x000000000000e1f6      0x69a build\kernel\src\object.o
                0x000000000000e27c                rt_object_attach_sethook
                0x000000000000e29c                rt_object_detach_sethook
                0x000000000000e2bc                rt_object_trytake_sethook
                0x000000000000e2dc                rt_object_take_sethook
                0x000000000000e2fc                rt_object_put_sethook
                0x000000000000e31c                rt_object_get_information
                0x000000000000e378                rt_object_get_length
                0x000000000000e3f0                rt_object_get_pointers
                0x000000000000e4a8                rt_object_init
                0x000000000000e538                rt_object_detach
                0x000000000000e58c                rt_object_allocate
                0x000000000000e648                rt_object_delete
                0x000000000000e6a4                rt_object_is_systemobject
                0x000000000000e6cc                rt_object_get_type
                0x000000000000e6ee                rt_object_find
                0x000000000000e788                rt_object_get_name
                0x000000000000e7e2                rt_custom_object_create
                0x000000000000e832                rt_custom_object_destroy
 .text          0x000000000000e890      0x68a build\kernel\src\scheduler_up.o
                0x000000000000e9a8                rt_scheduler_sethook
                0x000000000000e9c8                rt_scheduler_switch_sethook
                0x000000000000ea3c                rt_system_scheduler_init
                0x000000000000ea96                rt_system_scheduler_start
                0x000000000000eada                rt_schedule
                0x000000000000ecda                rt_schedule_insert_thread
                0x000000000000edca                rt_schedule_remove_thread
                0x000000000000ee38                rt_enter_critical
                0x000000000000ee82                rt_exit_critical
                0x000000000000eefc                rt_critical_level
 .text          0x000000000000ef1a      0xa94 build\kernel\src\thread.o
                0x000000000000ef86                rt_thread_suspend_sethook
                0x000000000000efa6                rt_thread_resume_sethook
                0x000000000000efc6                rt_thread_inited_sethook
                0x000000000000f1ec                rt_thread_init
                0x000000000000f254                rt_thread_self
                0x000000000000f268                rt_thread_startup
                0x000000000000f2b2                rt_thread_detach
                0x000000000000f360                rt_thread_create
                0x000000000000f3ea                rt_thread_delete
                0x000000000000f498                rt_thread_yield
                0x000000000000f4ea                rt_thread_sleep
                0x000000000000f58c                rt_thread_delay
                0x000000000000f5aa                rt_thread_delay_until
                0x000000000000f682                rt_thread_mdelay
                0x000000000000f6ac                rt_thread_control
                0x000000000000f828                rt_thread_suspend_with_flag
                0x000000000000f8b6                rt_thread_suspend
                0x000000000000f8d6                rt_thread_resume
                0x000000000000f94c                rt_thread_find
                0x000000000000f96e                rt_thread_get_name
 .text          0x000000000000f9ae      0xbae build\kernel\src\timer.o
                0x000000000000fa84                rt_timer_enter_sethook
                0x000000000000faa4                rt_timer_exit_sethook
                0x000000000000fbfc                rt_timer_init
                0x000000000000fc4e                rt_timer_detach
                0x000000000000fc9c                rt_timer_create
                0x000000000000fcf8                rt_timer_delete
                0x000000000000fd46                rt_timer_start
                0x000000000000ffc8                rt_timer_stop
                0x0000000000010042                rt_timer_control
                0x000000000001014e                rt_timer_check
                0x000000000001029a                rt_timer_next_timeout_tick
                0x00000000000102c6                rt_soft_timer_check
                0x00000000000104a2                rt_system_timer_init
                0x00000000000104e2                rt_system_timer_thread_init
 .text          0x000000000001055c       0xd8 build\libraries\ch32_library\bmsis\source\ch32v20x_it.o
                0x000000000001055c                NMI_Handler
                0x00000000000105c8                HardFault_Handler
 .text          0x0000000000010634      0x352 build\libraries\ch32_library\bmsis\source\system_ch32v20x.o
                0x0000000000010634                SystemInit
                0x00000000000106b0                SystemCoreClockUpdate
 .text          0x0000000000010986      0x2ea build\libraries\ch32_library\ch32v208_hal\source\ch32v20x_exti.o
                0x0000000000010986                EXTI_DeInit
                0x00000000000109d4                EXTI_Init
                0x0000000000010b44                EXTI_StructInit
                0x0000000000010b76                EXTI_GenerateSWInterrupt
                0x0000000000010ba2                EXTI_GetFlagStatus
                0x0000000000010bda                EXTI_ClearFlag
                0x0000000000010bfa                EXTI_GetITStatus
                0x0000000000010c50                EXTI_ClearITPendingBit
 .text          0x0000000000010c70      0x830 build\libraries\ch32_library\ch32v208_hal\source\ch32v20x_gpio.o
                0x0000000000010c70                GPIO_DeInit
                0x0000000000010d32                GPIO_AFIODeInit
                0x0000000000010d54                GPIO_Init
                0x0000000000010f7e                GPIO_StructInit
                0x0000000000010faa                GPIO_ReadInputDataBit
                0x0000000000010fe4                GPIO_ReadInputData
                0x0000000000011004                GPIO_ReadOutputDataBit
                0x000000000001103e                GPIO_ReadOutputData
                0x000000000001105e                GPIO_SetBits
                0x0000000000011080                GPIO_ResetBits
                0x00000000000110a2                GPIO_WriteBit
                0x00000000000110da                GPIO_Write
                0x00000000000110fc                GPIO_PinLockConfig
                0x000000000001115a                GPIO_EventOutputConfig
                0x00000000000111bc                GPIO_EventOutputCmd
                0x00000000000111f6                GPIO_PinRemapConfig
                0x00000000000113be                GPIO_EXTILineConfig
                0x0000000000011460                GPIO_ETH_MediaInterfaceConfig
 .text          0x00000000000114a0      0xb6e build\libraries\ch32_library\ch32v208_hal\source\ch32v20x_rcc.o
                0x00000000000114a0                RCC_DeInit
                0x0000000000011516                RCC_HSEConfig
                0x000000000001158c                RCC_WaitForHSEStartUp
                0x00000000000115ec                RCC_AdjustHSICalibrationValue
                0x0000000000011634                RCC_HSICmd
                0x000000000001166c                RCC_PLLConfig
                0x00000000000116be                RCC_PLLCmd
                0x00000000000116fe                RCC_SYSCLKConfig
                0x0000000000011740                RCC_GetSYSCLKSource
                0x000000000001175e                RCC_HCLKConfig
                0x00000000000117a2                RCC_PCLK1Config
                0x00000000000117e6                RCC_PCLK2Config
                0x0000000000011830                RCC_ITConfig
                0x000000000001189c                RCC_USBCLKConfig
                0x00000000000118d8                RCC_ADCCLKConfig
                0x000000000001191e                RCC_LSEConfig
                0x000000000001197c                RCC_LSICmd
                0x00000000000119b4                RCC_RTCCLKConfig
                0x00000000000119d8                RCC_RTCCLKCmd
                0x0000000000011a14                RCC_GetClocksFreq
                0x0000000000011c8e                RCC_AHBPeriphClockCmd
                0x0000000000011cd4                RCC_APB2PeriphClockCmd
                0x0000000000011d1a                RCC_APB1PeriphClockCmd
                0x0000000000011d60                RCC_APB2PeriphResetCmd
                0x0000000000011da6                RCC_APB1PeriphResetCmd
                0x0000000000011dec                RCC_BackupResetCmd
                0x0000000000011e28                RCC_ClockSecuritySystemCmd
                0x0000000000011e68                RCC_MCOConfig
                0x0000000000011e8a                RCC_GetFlagStatus
                0x0000000000011f18                RCC_ClearFlag
                0x0000000000011f38                RCC_GetITStatus
                0x0000000000011f6e                RCC_ClearITPendingBit
                0x0000000000011f90                RCC_ADCCLKADJcmd
                0x0000000000011fd2                RCC_ETHDIVConfig
 .text          0x000000000001200e      0xcc4 build\libraries\ch32_library\ch32v208_hal\source\ch32v20x_usart.o
                0x000000000001200e                USART_DeInit
                0x00000000000120b6                USART_Init
                0x00000000000122ea                USART_StructInit
                0x0000000000012332                USART_ClockInit
                0x00000000000123c0                USART_ClockStructInit
                0x00000000000123f2                USART_Cmd
                0x0000000000012452                USART_ITConfig
                0x0000000000012516                USART_DMACmd
                0x0000000000012586                USART_SetAddress
                0x00000000000125e0                USART_WakeUpConfig
                0x000000000001263e                USART_ReceiverWakeUpCmd
                0x0000000000012696                USART_LINBreakDetectLengthConfig
                0x00000000000126ee                USART_LINCmd
                0x000000000001274e                USART_SendData
                0x000000000001277c                USART_ReceiveData
                0x00000000000127a2                USART_SendBreak
                0x00000000000127d2                USART_SetGuardTime
                0x0000000000012834                USART_SetPrescaler
                0x0000000000012890                USART_SmartCardCmd
                0x00000000000128ea                USART_SmartCardNACKCmd
                0x0000000000012942                USART_HalfDuplexCmd
                0x000000000001299a                USART_OverSampling8Cmd
                0x00000000000129fa                USART_OneBitMethodCmd
                0x0000000000012a60                USART_IrDAConfig
                0x0000000000012ab6                USART_IrDACmd
                0x0000000000012b0e                USART_GetFlagStatus
                0x0000000000012b54                USART_ClearFlag
                0x0000000000012b82                USART_GetITStatus
                0x0000000000012c84                USART_ClearITPendingBit
 .text          0x0000000000012cd2      0x11e c:/rt-threadstudio/repo/extract/toolchain_support_packages/wch/risc-v-gcc-wch/8.2.0/bin/../lib/gcc/riscv-none-embed/8.2.0/../../../../riscv-none-embed/lib/rv32imac/ilp32\libc.a(lib_a-strcmp.o)
                0x0000000000012cd2                strcmp
 *(.text.*)
 *fill*         0x0000000000012df0        0x0 
 .text.entry    0x0000000000012df0       0xe2 build\kernel\libcpu\risc-v\common\interrupt_gcc.o
                0x0000000000012df0                SW_handler
 .text.vector_handler
                0x0000000000012ed2       0x7a build\libraries\ch32_library\bmsis\source\startup_ch32v20x_D8W.o
                0x0000000000012ed6                Ecall_M_Mode_Handler
                0x0000000000012ed8                Ecall_U_Mode_Handler
                0x0000000000012eda                Break_Point_Handler
                0x0000000000012ee0                WWDG_IRQHandler
                0x0000000000012ee2                PVD_IRQHandler
                0x0000000000012ee4                TAMPER_IRQHandler
                0x0000000000012ee6                RTC_IRQHandler
                0x0000000000012ee8                FLASH_IRQHandler
                0x0000000000012eea                RCC_IRQHandler
                0x0000000000012ef6                DMA1_Channel1_IRQHandler
                0x0000000000012ef8                DMA1_Channel2_IRQHandler
                0x0000000000012efa                DMA1_Channel3_IRQHandler
                0x0000000000012efc                DMA1_Channel4_IRQHandler
                0x0000000000012efe                DMA1_Channel5_IRQHandler
                0x0000000000012f00                DMA1_Channel6_IRQHandler
                0x0000000000012f02                DMA1_Channel7_IRQHandler
                0x0000000000012f04                ADC1_2_IRQHandler
                0x0000000000012f06                USB_HP_CAN1_TX_IRQHandler
                0x0000000000012f08                USB_LP_CAN1_RX0_IRQHandler
                0x0000000000012f0a                CAN1_RX1_IRQHandler
                0x0000000000012f0c                CAN1_SCE_IRQHandler
                0x0000000000012f10                TIM1_BRK_IRQHandler
                0x0000000000012f12                TIM1_UP_IRQHandler
                0x0000000000012f14                TIM1_TRG_COM_IRQHandler
                0x0000000000012f16                TIM1_CC_IRQHandler
                0x0000000000012f18                TIM2_IRQHandler
                0x0000000000012f1a                TIM3_IRQHandler
                0x0000000000012f1c                TIM4_IRQHandler
                0x0000000000012f1e                I2C1_EV_IRQHandler
                0x0000000000012f20                I2C1_ER_IRQHandler
                0x0000000000012f22                I2C2_EV_IRQHandler
                0x0000000000012f24                I2C2_ER_IRQHandler
                0x0000000000012f26                SPI1_IRQHandler
                0x0000000000012f28                SPI2_IRQHandler
                0x0000000000012f2c                USART2_IRQHandler
                0x0000000000012f2e                USART3_IRQHandler
                0x0000000000012f30                EXTI15_10_IRQHandler
                0x0000000000012f32                RTCAlarm_IRQHandler
                0x0000000000012f34                USBWakeUp_IRQHandler
                0x0000000000012f36                USBHD_IRQHandler
                0x0000000000012f38                USBHDWakeUp_IRQHandler
                0x0000000000012f3a                ETH_IRQHandler
                0x0000000000012f3c                ETHWakeUp_IRQHandler
                0x0000000000012f3e                BB_IRQHandler
                0x0000000000012f40                LLE_IRQHandler
                0x0000000000012f42                TIM5_IRQHandler
                0x0000000000012f44                UART4_IRQHandler
                0x0000000000012f46                DMA1_Channel8_IRQHandler
                0x0000000000012f48                OSC32KCal_IRQHandler
                0x0000000000012f4a                OSCWakeUp_IRQHandler
 .text.handle_reset
                0x0000000000012f4c       0x8e build\libraries\ch32_library\bmsis\source\startup_ch32v20x_D8W.o
                0x0000000000012f4c                handle_reset
 .text.atoi     0x0000000000012fda        0x6 c:/rt-threadstudio/repo/extract/toolchain_support_packages/wch/risc-v-gcc-wch/8.2.0/bin/../lib/gcc/riscv-none-embed/8.2.0/../../../../riscv-none-embed/lib/rv32imac/ilp32\libc.a(lib_a-atoi.o)
                0x0000000000012fda                atoi
 .text.__locale_ctype_ptr_l
                0x0000000000012fe0        0x6 c:/rt-threadstudio/repo/extract/toolchain_support_packages/wch/risc-v-gcc-wch/8.2.0/bin/../lib/gcc/riscv-none-embed/8.2.0/../../../../riscv-none-embed/lib/rv32imac/ilp32\libc.a(lib_a-locale.o)
                0x0000000000012fe0                __locale_ctype_ptr_l
 .text.__locale_ctype_ptr
                0x0000000000012fe6       0x1e c:/rt-threadstudio/repo/extract/toolchain_support_packages/wch/risc-v-gcc-wch/8.2.0/bin/../lib/gcc/riscv-none-embed/8.2.0/../../../../riscv-none-embed/lib/rv32imac/ilp32\libc.a(lib_a-locale.o)
                0x0000000000012fe6                __locale_ctype_ptr
 .text.__ascii_mbtowc
                0x0000000000013004       0x40 c:/rt-threadstudio/repo/extract/toolchain_support_packages/wch/risc-v-gcc-wch/8.2.0/bin/../lib/gcc/riscv-none-embed/8.2.0/../../../../riscv-none-embed/lib/rv32imac/ilp32\libc.a(lib_a-mbtowc_r.o)
                0x0000000000013004                __ascii_mbtowc
 .text.memcmp   0x0000000000013044       0x64 c:/rt-threadstudio/repo/extract/toolchain_support_packages/wch/risc-v-gcc-wch/8.2.0/bin/../lib/gcc/riscv-none-embed/8.2.0/../../../../riscv-none-embed/lib/rv32imac/ilp32\libc.a(lib_a-memcmp.o)
                0x0000000000013044                memcmp
 .text.strcpy   0x00000000000130a8       0x7a c:/rt-threadstudio/repo/extract/toolchain_support_packages/wch/risc-v-gcc-wch/8.2.0/bin/../lib/gcc/riscv-none-embed/8.2.0/../../../../riscv-none-embed/lib/rv32imac/ilp32\libc.a(lib_a-strcpy.o)
                0x00000000000130a8                strcpy
 .text.strlen   0x0000000000013122       0x66 c:/rt-threadstudio/repo/extract/toolchain_support_packages/wch/risc-v-gcc-wch/8.2.0/bin/../lib/gcc/riscv-none-embed/8.2.0/../../../../riscv-none-embed/lib/rv32imac/ilp32\libc.a(lib_a-strlen.o)
                0x0000000000013122                strlen
 .text.strncmp  0x0000000000013188       0xb0 c:/rt-threadstudio/repo/extract/toolchain_support_packages/wch/risc-v-gcc-wch/8.2.0/bin/../lib/gcc/riscv-none-embed/8.2.0/../../../../riscv-none-embed/lib/rv32imac/ilp32\libc.a(lib_a-strncmp.o)
                0x0000000000013188                strncmp
 .text.strncpy  0x0000000000013238       0x98 c:/rt-threadstudio/repo/extract/toolchain_support_packages/wch/risc-v-gcc-wch/8.2.0/bin/../lib/gcc/riscv-none-embed/8.2.0/../../../../riscv-none-embed/lib/rv32imac/ilp32\libc.a(lib_a-strncpy.o)
                0x0000000000013238                strncpy
 .text._strtol_l.isra.0
                0x00000000000132d0      0x172 c:/rt-threadstudio/repo/extract/toolchain_support_packages/wch/risc-v-gcc-wch/8.2.0/bin/../lib/gcc/riscv-none-embed/8.2.0/../../../../riscv-none-embed/lib/rv32imac/ilp32\libc.a(lib_a-strtol.o)
 .text.strtol   0x0000000000013442       0x28 c:/rt-threadstudio/repo/extract/toolchain_support_packages/wch/risc-v-gcc-wch/8.2.0/bin/../lib/gcc/riscv-none-embed/8.2.0/../../../../riscv-none-embed/lib/rv32imac/ilp32\libc.a(lib_a-strtol.o)
                0x0000000000013442                strtol
 .text.__ascii_wctomb
                0x000000000001346a       0x20 c:/rt-threadstudio/repo/extract/toolchain_support_packages/wch/risc-v-gcc-wch/8.2.0/bin/../lib/gcc/riscv-none-embed/8.2.0/../../../../riscv-none-embed/lib/rv32imac/ilp32\libc.a(lib_a-wctomb_r.o)
                0x000000000001346a                __ascii_wctomb
 .text.__divdi3
                0x000000000001348a      0x3d8 c:/rt-threadstudio/repo/extract/toolchain_support_packages/wch/risc-v-gcc-wch/8.2.0/bin/../lib/gcc/riscv-none-embed/8.2.0/rv32imac/ilp32\libgcc.a(_divdi3.o)
                0x000000000001348a                __divdi3
 .text.__moddi3
                0x0000000000013862      0x3c4 c:/rt-threadstudio/repo/extract/toolchain_support_packages/wch/risc-v-gcc-wch/8.2.0/bin/../lib/gcc/riscv-none-embed/8.2.0/rv32imac/ilp32\libgcc.a(_moddi3.o)
                0x0000000000013862                __moddi3
 .text.__divdf3
                0x0000000000013c26      0x5b4 c:/rt-threadstudio/repo/extract/toolchain_support_packages/wch/risc-v-gcc-wch/8.2.0/bin/../lib/gcc/riscv-none-embed/8.2.0/rv32imac/ilp32\libgcc.a(divdf3.o)
                0x0000000000013c26                __divdf3
 .text.__muldf3
                0x00000000000141da      0x4b0 c:/rt-threadstudio/repo/extract/toolchain_support_packages/wch/risc-v-gcc-wch/8.2.0/bin/../lib/gcc/riscv-none-embed/8.2.0/rv32imac/ilp32\libgcc.a(muldf3.o)
                0x00000000000141da                __muldf3
 .text.__fixdfsi
                0x000000000001468a       0x68 c:/rt-threadstudio/repo/extract/toolchain_support_packages/wch/risc-v-gcc-wch/8.2.0/bin/../lib/gcc/riscv-none-embed/8.2.0/rv32imac/ilp32\libgcc.a(fixdfsi.o)
                0x000000000001468a                __fixdfsi
 .text.__floatunsidf
                0x00000000000146f2       0x66 c:/rt-threadstudio/repo/extract/toolchain_support_packages/wch/risc-v-gcc-wch/8.2.0/bin/../lib/gcc/riscv-none-embed/8.2.0/rv32imac/ilp32\libgcc.a(floatunsidf.o)
                0x00000000000146f2                __floatunsidf
 .text.__floatdidf
                0x0000000000014758      0x1b2 c:/rt-threadstudio/repo/extract/toolchain_support_packages/wch/risc-v-gcc-wch/8.2.0/bin/../lib/gcc/riscv-none-embed/8.2.0/rv32imac/ilp32\libgcc.a(floatdidf.o)
                0x0000000000014758                __floatdidf
 .text.__clzsi2
                0x000000000001490a       0x76 c:/rt-threadstudio/repo/extract/toolchain_support_packages/wch/risc-v-gcc-wch/8.2.0/bin/../lib/gcc/riscv-none-embed/8.2.0/rv32imac/ilp32\libgcc.a(_clzsi2.o)
                0x000000000001490a                __clzsi2
 *(.rodata)
 *fill*         0x0000000000014980        0x0 
 .rodata        0x0000000000014980       0xa0 Libraries\ch32_drivers\drv_gpio.o
 .rodata        0x0000000000014a20       0x1c Libraries\ch32_drivers\drv_usart.o
 .rodata        0x0000000000014a3c       0x2d build\applications\main.o
 *fill*         0x0000000000014a69        0x3 
 .rodata        0x0000000000014a6c        0x6 build\board\board.o
 *fill*         0x0000000000014a72        0x2 
 .rodata        0x0000000000014a74      0x2ea build\kernel\components\drivers\misc\adc.o
 *fill*         0x0000000000014d5e        0x2 
 .rodata        0x0000000000014d60      0x27a build\kernel\components\drivers\misc\pin.o
 *fill*         0x0000000000014fda        0x6 
 .rodata        0x0000000000014fe0      0x6c8 build\kernel\components\drivers\misc\rt_drv_pwm.o
 .rodata        0x00000000000156a8      0x1cb build\kernel\components\drivers\rtc\rtc.o
 *fill*         0x0000000000015873        0x1 
 .rodata        0x0000000000015874       0x28 build\kernel\components\drivers\serial\serial.o
 .rodata        0x000000000001589c      0x7fa build\kernel\components\finsh\cmd.o
 *fill*         0x0000000000016096        0x2 
 .rodata        0x0000000000016098       0xac build\kernel\components\finsh\msh.o
 .rodata        0x0000000000016144       0x71 build\kernel\components\finsh\shell.o
 *fill*         0x00000000000161b5        0x3 
 .rodata        0x00000000000161b8       0x74 build\kernel\components\libc\compilers\common\ctime.o
 .rodata        0x000000000001622c        0xd build\kernel\libcpu\risc-v\common\cpuport.o
 *fill*         0x0000000000016239        0x3 
 .rodata        0x000000000001623c        0x5 build\kernel\src\components.o
 *fill*         0x0000000000016241        0x3 
 .rodata        0x0000000000016244        0x8 build\kernel\src\idle.o
 .rodata        0x000000000001624c      0x37d build\kernel\src\kservice.o
                0x00000000000164a4                __lowest_bit_bitmap
 *fill*         0x00000000000165c9        0x3 
 .rodata        0x00000000000165cc       0x42 build\kernel\src\mem.o
 *fill*         0x000000000001660e        0x2 
 .rodata        0x0000000000016610       0x2e build\kernel\src\timer.o
 *fill*         0x000000000001663e        0x2 
 .rodata        0x0000000000016640       0x1c build\libraries\ch32_library\bmsis\source\ch32v20x_it.o
 *(.rodata*)
 .rodata.name   0x000000000001665c       0x11 build\kernel\components\drivers\misc\adc.o
                0x000000000001665c                __fsym_adc_name
                0x0000000000016660                __fsym_adc_desc
 *fill*         0x000000000001666d        0x3 
 .rodata.name   0x0000000000016670       0x11 build\kernel\components\drivers\misc\pin.o
                0x0000000000016670                __fsym_pin_name
                0x0000000000016674                __fsym_pin_desc
 *fill*         0x0000000000016681        0x3 
 .rodata.name   0x0000000000016684       0x11 build\kernel\components\drivers\misc\rt_drv_pwm.o
                0x0000000000016684                __fsym_pwm_name
                0x0000000000016688                __fsym_pwm_desc
 *fill*         0x0000000000016695        0x3 
 .rodata.name   0x0000000000016698       0x50 build\kernel\components\drivers\rtc\rtc.o
                0x0000000000016698                __fsym_date_name
                0x00000000000166a0                __fsym_date_desc
 .rodata.name   0x00000000000166e8       0x65 build\kernel\components\finsh\cmd.o
                0x00000000000166e8                __fsym_clear_name
                0x00000000000166f0                __fsym_clear_desc
                0x000000000001670c                __fsym_version_name
                0x0000000000016714                __fsym_version_desc
                0x0000000000016738                __fsym_list_name
                0x0000000000016740                __fsym_list_desc
 *fill*         0x000000000001674d        0x3 
 .rodata.name   0x0000000000016750       0x6d build\kernel\components\finsh\msh.o
                0x0000000000016750                __fsym_help_name
                0x0000000000016758                __fsym_help_desc
                0x0000000000016770                __fsym_ps_name
                0x0000000000016774                __fsym_ps_desc
                0x0000000000016790                __fsym_free_name
                0x0000000000016798                __fsym_free_desc
 *fill*         0x00000000000167bd        0x3 
 .rodata._setlocale_r.str1.4
                0x00000000000167c0        0xd c:/rt-threadstudio/repo/extract/toolchain_support_packages/wch/risc-v-gcc-wch/8.2.0/bin/../lib/gcc/riscv-none-embed/8.2.0/../../../../riscv-none-embed/lib/rv32imac/ilp32\libc.a(lib_a-locale.o)
 *fill*         0x00000000000167cd        0x3 
 .rodata.str1.4
                0x00000000000167d0        0x4 c:/rt-threadstudio/repo/extract/toolchain_support_packages/wch/risc-v-gcc-wch/8.2.0/bin/../lib/gcc/riscv-none-embed/8.2.0/../../../../riscv-none-embed/lib/rv32imac/ilp32\libc.a(lib_a-locale.o)
                                          0x2 (size before relaxing)
 .rodata._ctype_
                0x00000000000167d4      0x101 c:/rt-threadstudio/repo/extract/toolchain_support_packages/wch/risc-v-gcc-wch/8.2.0/bin/../lib/gcc/riscv-none-embed/8.2.0/../../../../riscv-none-embed/lib/rv32imac/ilp32\libc.a(lib_a-ctype_.o)
                0x00000000000167d4                _ctype_
 *fill*         0x00000000000168d5        0x3 
 .rodata.__divdf3
                0x00000000000168d8       0x40 c:/rt-threadstudio/repo/extract/toolchain_support_packages/wch/risc-v-gcc-wch/8.2.0/bin/../lib/gcc/riscv-none-embed/8.2.0/rv32imac/ilp32\libgcc.a(divdf3.o)
 .rodata.__muldf3
                0x0000000000016918       0x40 c:/rt-threadstudio/repo/extract/toolchain_support_packages/wch/risc-v-gcc-wch/8.2.0/bin/../lib/gcc/riscv-none-embed/8.2.0/rv32imac/ilp32\libgcc.a(muldf3.o)
 .rodata.__clz_tab
                0x0000000000016958      0x100 c:/rt-threadstudio/repo/extract/toolchain_support_packages/wch/risc-v-gcc-wch/8.2.0/bin/../lib/gcc/riscv-none-embed/8.2.0/rv32imac/ilp32\libgcc.a(_clz.o)
                0x0000000000016958                __clz_tab
 *(.glue_7)
 *(.glue_7t)
 *(.gnu.linkonce.t.*)
                0x0000000000016a58                . = ALIGN (0x4)
                0x0000000000016a58                __fsymtab_start = .
 *(FSymTab)
 FSymTab        0x0000000000016a58        0xc build\kernel\components\drivers\misc\adc.o
                0x0000000000016a58                __fsym_adc
 FSymTab        0x0000000000016a64        0xc build\kernel\components\drivers\misc\pin.o
                0x0000000000016a64                __fsym_pin
 FSymTab        0x0000000000016a70        0xc build\kernel\components\drivers\misc\rt_drv_pwm.o
                0x0000000000016a70                __fsym_pwm
 FSymTab        0x0000000000016a7c        0xc build\kernel\components\drivers\rtc\rtc.o
                0x0000000000016a7c                __fsym_date
 FSymTab        0x0000000000016a88       0x24 build\kernel\components\finsh\cmd.o
                0x0000000000016a88                __fsym_clear
                0x0000000000016a94                __fsym_version
                0x0000000000016aa0                __fsym_list
 FSymTab        0x0000000000016aac       0x24 build\kernel\components\finsh\msh.o
                0x0000000000016aac                __fsym_help
                0x0000000000016ab8                __fsym_ps
                0x0000000000016ac4                __fsym_free
                0x0000000000016ad0                __fsymtab_end = .
                0x0000000000016ad0                . = ALIGN (0x4)
                0x0000000000016ad0                __vsymtab_start = .
 *(VSymTab)
                0x0000000000016ad0                __vsymtab_end = .
                0x0000000000016ad0                . = ALIGN (0x4)
                0x0000000000016ad0                . = ALIGN (0x4)
                0x0000000000016ae8                __rt_init_start = .
 *(SORT_BY_NAME(.rti_fn*))
 .rti_fn.0      0x0000000000016ad0        0x4 build\kernel\src\components.o
                0x0000000000016ad0                __rt_init_rti_start
 .rti_fn.0.end  0x0000000000016ad4        0x4 build\kernel\src\components.o
                0x0000000000016ad4                __rt_init_rti_board_start
 .rti_fn.1      0x0000000000016ad8        0x4 Libraries\ch32_drivers\drv_gpio.o
                0x0000000000016ad8                __rt_init_rt_hw_pin_init
 .rti_fn.1.end  0x0000000000016adc        0x4 build\kernel\src\components.o
                0x0000000000016adc                __rt_init_rti_board_end
 .rti_fn.6      0x0000000000016ae0        0x4 build\kernel\components\finsh\shell.o
                0x0000000000016ae0                __rt_init_finsh_system_init
 .rti_fn.6.end  0x0000000000016ae4        0x4 build\kernel\src\components.o
                0x0000000000016ae4                __rt_init_rti_end
                0x0000000000016ae8                __rt_init_end = .
                0x0000000000016ae8                . = ALIGN (0x4)
                0x0000000000016ae8                . = ALIGN (0x4)
                0x0000000000016ae8                __rtmsymtab_start = .
 *(RTMSymTab)
                0x0000000000016ae8                __rtmsymtab_end = .
                0x0000000000016ae8                . = ALIGN (0x4)
                0x0000000000016ae8                . = ALIGN (0x4)
                0x0000000000016ae8                __rt_init_start = .
 *(SORT_BY_NAME(.rti_fn*))
                0x0000000000016ae8                __rt_init_end = .
                0x0000000000016ae8                . = ALIGN (0x4)
                [!provide]                        PROVIDE (__ctors_start__ = .)
 *(SORT_BY_NAME(.init_array.*))
 *(.init_array)
                [!provide]                        PROVIDE (__ctors_end__ = .)
                0x0000000000016ae8                . = ALIGN (0x4)
                0x0000000000016ae8                _etext = .

.rela.dyn       0x0000000000016ae8        0x0
 .rela.text     0x0000000000016ae8        0x0 Libraries\ch32_drivers\drv_gpio.o
 .rela.text.entry
                0x0000000000016ae8        0x0 Libraries\ch32_drivers\drv_gpio.o
 .rela.init     0x0000000000016ae8        0x0 Libraries\ch32_drivers\drv_gpio.o
 .rela.vector   0x0000000000016ae8        0x0 Libraries\ch32_drivers\drv_gpio.o
 .rela.text.handle_reset
                0x0000000000016ae8        0x0 Libraries\ch32_drivers\drv_gpio.o

.fini           0x0000000000016ae8        0x0
 *(SORT_NONE(.fini))
                0x0000000000016ae8                . = ALIGN (0x4)
                [!provide]                        PROVIDE (_etext = .)
                [!provide]                        PROVIDE (_eitcm = .)

.preinit_array  0x0000000000016ae8        0x0
                [!provide]                        PROVIDE (__preinit_array_start = .)
 *(.preinit_array)
                [!provide]                        PROVIDE (__preinit_array_end = .)

.init_array     0x0000000000016ae8        0x0
                [!provide]                        PROVIDE (__init_array_start = .)
 *(SORT_BY_INIT_PRIORITY(.init_array.*) SORT_BY_INIT_PRIORITY(.ctors.*))
 *(.init_array EXCLUDE_FILE(*crtend?.o *crtend.o *crtbegin?.o *crtbegin.o) .ctors)
                [!provide]                        PROVIDE (__init_array_end = .)

.fini_array     0x0000000000016ae8        0x0
                [!provide]                        PROVIDE (__fini_array_start = .)
 *(SORT_BY_INIT_PRIORITY(.fini_array.*) SORT_BY_INIT_PRIORITY(.dtors.*))
 *(.fini_array EXCLUDE_FILE(*crtend?.o *crtend.o *crtbegin?.o *crtbegin.o) .dtors)
                [!provide]                        PROVIDE (__fini_array_end = .)

.ctors
 *crtbegin.o(.ctors)
 *crtbegin?.o(.ctors)
 *(EXCLUDE_FILE(*crtend?.o *crtend.o) .ctors)
 *(SORT_BY_NAME(.ctors.*))
 *(.ctors)

.dtors
 *crtbegin.o(.dtors)
 *crtbegin?.o(.dtors)
 *(EXCLUDE_FILE(*crtend?.o *crtend.o) .dtors)
 *(SORT_BY_NAME(.dtors.*))
 *(.dtors)

.dalign         0x0000000020000000        0x0 load address 0x0000000000016ae8
                0x0000000020000000                . = ALIGN (0x4)
                0x0000000020000000                PROVIDE (_data_vma = .)

.dlalign        0x0000000000016ae8        0x0
                0x0000000000016ae8                . = ALIGN (0x4)
                0x0000000000016ae8                PROVIDE (_data_lma = .)

.data           0x0000000020000000      0x7d8 load address 0x0000000000016ae8
 *(.gnu.linkonce.r.*)
 *(.data .data.*)
 .data          0x0000000020000000      0x100 Libraries\ch32_drivers\drv_gpio.o
 .data          0x0000000020000100       0x28 Libraries\ch32_drivers\drv_usart.o
 .data          0x0000000020000128       0x30 build\kernel\src\kservice.o
 .data          0x0000000020000158       0xa0 build\kernel\src\object.o
 .data          0x00000000200001f8       0x10 build\libraries\ch32_library\bmsis\source\system_ch32v20x.o
                0x00000000200001f8                AHBPrescTable
 .data          0x0000000020000208       0x10 build\libraries\ch32_library\ch32v208_hal\source\ch32v20x_rcc.o
 .data.__global_locale
                0x0000000020000218      0x16c c:/rt-threadstudio/repo/extract/toolchain_support_packages/wch/risc-v-gcc-wch/8.2.0/bin/../lib/gcc/riscv-none-embed/8.2.0/../../../../riscv-none-embed/lib/rv32imac/ilp32\libc.a(lib_a-locale.o)
                0x0000000020000218                __global_locale
 *fill*         0x0000000020000384        0x4 
 .data.impure_data
                0x0000000020000388      0x428 c:/rt-threadstudio/repo/extract/toolchain_support_packages/wch/risc-v-gcc-wch/8.2.0/bin/../lib/gcc/riscv-none-embed/8.2.0/../../../../riscv-none-embed/lib/rv32imac/ilp32\libc.a(lib_a-impure.o)
 *(.gnu.linkonce.d.*)
                0x00000000200007b0                . = ALIGN (0x8)
                0x0000000020000fb0                PROVIDE (__global_pointer$ = (. + 0x800))
 *(.sdata .sdata.*)
 .sdata         0x00000000200007b0        0xd build\kernel\components\libc\compilers\common\ctime.o
 *fill*         0x00000000200007bd        0x3 
 .sdata         0x00000000200007c0        0x8 build\kernel\src\idle.o
 .sdata         0x00000000200007c8        0x1 build\kernel\src\timer.o
 *fill*         0x00000000200007c9        0x3 
 .sdata         0x00000000200007cc        0x4 build\libraries\ch32_library\bmsis\source\system_ch32v20x.o
                0x00000000200007cc                SystemCoreClock
 .sdata         0x00000000200007d0        0x4 build\libraries\ch32_library\ch32v208_hal\source\ch32v20x_rcc.o
 .sdata._impure_ptr
                0x00000000200007d4        0x4 c:/rt-threadstudio/repo/extract/toolchain_support_packages/wch/risc-v-gcc-wch/8.2.0/bin/../lib/gcc/riscv-none-embed/8.2.0/../../../../riscv-none-embed/lib/rv32imac/ilp32\libc.a(lib_a-impure.o)
                0x00000000200007d4                _impure_ptr
 *(.sdata2.*)
 *(.gnu.linkonce.s.*)
                0x00000000200007d8                . = ALIGN (0x8)
 *(.srodata.cst16)
 *(.srodata.cst8)
 *(.srodata.cst4)
 *(.srodata.cst2)
 *(.srodata .srodata.*)
                0x00000000200007d8                . = ALIGN (0x4)
                0x00000000200007d8                PROVIDE (_edata = .)

.bss            0x00000000200007d8     0xa934 load address 0x00000000000172c0
                0x00000000200007d8                . = ALIGN (0x4)
                0x00000000200007d8                PROVIDE (_sbss = .)
 *(.sbss*)
 .sbss          0x00000000200007d8        0x8 build\kernel\components\finsh\shell.o
                0x00000000200007d8                _syscall_table_begin
                0x00000000200007dc                _syscall_table_end
 .sbss          0x00000000200007e0        0xc build\kernel\libcpu\risc-v\common\cpuport.o
                0x00000000200007e0                rt_interrupt_from_thread
                0x00000000200007e4                rt_interrupt_to_thread
                0x00000000200007e8                rt_thread_switch_interrupt_flag
 .sbss          0x00000000200007ec        0x1 build\kernel\src\irq.o
                0x00000000200007ec                rt_interrupt_nest
 *fill*         0x00000000200007ed        0x3 
 .sbss          0x00000000200007f0        0x4 build\kernel\src\scheduler_up.o
                0x00000000200007f0                rt_current_thread
 *(.gnu.linkonce.sb.*)
 *(.bss*)
 .bss           0x00000000200007f4        0x4 Libraries\ch32_drivers\drv_gpio.o
 .bss           0x00000000200007f8       0x78 Libraries\ch32_drivers\drv_usart.o
 .bss           0x0000000020000870     0xa000 build\board\board.o
 .bss           0x000000002000a870        0x4 build\kernel\components\drivers\misc\adc.o
 .bss           0x000000002000a874       0x48 build\kernel\components\drivers\misc\pin.o
 .bss           0x000000002000a8bc        0x4 build\kernel\components\drivers\misc\rt_drv_pwm.o
 .bss           0x000000002000a8c0        0x4 build\kernel\components\drivers\rtc\rtc.o
 .bss           0x000000002000a8c4        0x4 build\kernel\components\drivers\serial\serial.o
 .bss           0x000000002000a8c8       0x85 build\kernel\components\finsh\shell.o
 *fill*         0x000000002000a94d        0x3 
 .bss           0x000000002000a950       0x66 build\kernel\components\libc\compilers\common\ctime.o
 *fill*         0x000000002000a9b6        0x2 
 .bss           0x000000002000a9b8        0x8 build\kernel\src\clock.o
 .bss           0x000000002000a9c0      0x2a0 build\kernel\src\idle.o
 .bss           0x000000002000ac60        0x8 build\kernel\src\irq.o
 .bss           0x000000002000ac68       0xc0 build\kernel\src\kservice.o
 .bss           0x000000002000ad28        0x8 build\kernel\src\object.o
 .bss           0x000000002000ad30        0xc build\kernel\src\scheduler_up.o
 .bss           0x000000002000ad3c        0xc build\kernel\src\thread.o
 .bss           0x000000002000ad48      0x2ac build\kernel\src\timer.o
 *(.gnu.linkonce.b.*)
 *(COMMON*)
 COMMON         0x000000002000aff4        0x4 build\kernel\components\finsh\shell.o
                0x000000002000aff4                shell
 COMMON         0x000000002000aff8        0xc build\kernel\src\object.o
                0x000000002000aff8                rt_object_put_hook
                0x000000002000affc                rt_object_take_hook
                0x000000002000b000                rt_object_trytake_hook
 COMMON         0x000000002000b004      0x108 build\kernel\src\scheduler_up.o
                0x000000002000b004                rt_thread_priority_table
                0x000000002000b104                rt_current_priority
                0x000000002000b108                rt_thread_ready_priority_group
                0x000000002000b10c                . = ALIGN (0x4)
                0x000000002000b10c                PROVIDE (_ebss = .)
                0x000000002000b10c                PROVIDE (_end = _ebss)
                [!provide]                        PROVIDE (end = .)

.stack          0x000000002000f800      0x800
                0x000000002000f800                PROVIDE (_heap_end = .)
                0x000000002000f800                . = ALIGN (0x4)
                [!provide]                        PROVIDE (_susrstack = .)
                0x0000000020010000                . = (. + __stack_size)
 *fill*         0x000000002000f800      0x800 
                0x0000000020010000                PROVIDE (_eusrstack = .)
                0x0000000020010000                PROVIDE (__rt_rvstack = .)
OUTPUT(rtthread.elf elf32-littleriscv)

.debug_info     0x0000000000000000    0x212ce
 .debug_info    0x0000000000000000     0x1b36 Libraries\ch32_drivers\drv_gpio.o
 .debug_info    0x0000000000001b36     0x1a8d Libraries\ch32_drivers\drv_usart.o
 .debug_info    0x00000000000035c3      0xa32 build\applications\main.o
 .debug_info    0x0000000000003ff5     0x103a build\board\board.o
 .debug_info    0x000000000000502f      0x9f0 build\board\software_irq.o
 .debug_info    0x0000000000005a1f      0x8cd build\kernel\components\drivers\core\device.o
 .debug_info    0x00000000000062ec      0xed8 build\kernel\components\drivers\ipc\completion.o
 .debug_info    0x00000000000071c4     0x131b build\kernel\components\drivers\misc\adc.o
 .debug_info    0x00000000000084df     0x14c5 build\kernel\components\drivers\misc\pin.o
 .debug_info    0x00000000000099a4     0x14b2 build\kernel\components\drivers\misc\rt_drv_pwm.o
 .debug_info    0x000000000000ae56     0x143d build\kernel\components\drivers\rtc\rtc.o
 .debug_info    0x000000000000c293     0x1658 build\kernel\components\drivers\serial\serial.o
 .debug_info    0x000000000000d8eb     0x1d06 build\kernel\components\finsh\cmd.o
 .debug_info    0x000000000000f5f1      0xecb build\kernel\components\finsh\msh.o
 .debug_info    0x00000000000104bc      0x230 build\kernel\components\finsh\msh_parse.o
 .debug_info    0x00000000000106ec     0x14fc build\kernel\components\finsh\shell.o
 .debug_info    0x0000000000011be8     0x148c build\kernel\components\libc\compilers\common\ctime.o
 .debug_info    0x0000000000013074       0x26 build\kernel\libcpu\risc-v\common\context_gcc.o
 .debug_info    0x000000000001309a      0x735 build\kernel\libcpu\risc-v\common\cpuport.o
 .debug_info    0x00000000000137cf       0x26 build\kernel\libcpu\risc-v\common\interrupt_gcc.o
 .debug_info    0x00000000000137f5      0x56f build\kernel\src\clock.o
 .debug_info    0x0000000000013d64      0x5d0 build\kernel\src\components.o
 .debug_info    0x0000000000014334      0x749 build\kernel\src\idle.o
 .debug_info    0x0000000000014a7d     0x2433 build\kernel\src\ipc.o
 .debug_info    0x0000000000016eb0      0x28e build\kernel\src\irq.o
 .debug_info    0x000000000001713e     0x186e build\kernel\src\kservice.o
 .debug_info    0x00000000000189ac      0x65a build\kernel\src\mem.o
 .debug_info    0x0000000000019006      0x9ad build\kernel\src\object.o
 .debug_info    0x00000000000199b3      0x880 build\kernel\src\scheduler_up.o
 .debug_info    0x000000000001a233      0xd6d build\kernel\src\thread.o
 .debug_info    0x000000000001afa0      0xc0c build\kernel\src\timer.o
 .debug_info    0x000000000001bbac      0xa40 build\libraries\ch32_library\bmsis\source\ch32v20x_it.o
 .debug_info    0x000000000001c5ec       0x22 build\libraries\ch32_library\bmsis\source\startup_ch32v20x_D8W.o
 .debug_info    0x000000000001c60e      0xb72 build\libraries\ch32_library\bmsis\source\system_ch32v20x.o
 .debug_info    0x000000000001d180      0xc18 build\libraries\ch32_library\ch32v208_hal\source\ch32v20x_exti.o
 .debug_info    0x000000000001dd98      0xffc build\libraries\ch32_library\ch32v208_hal\source\ch32v20x_gpio.o
 .debug_info    0x000000000001ed94     0x1233 build\libraries\ch32_library\ch32v208_hal\source\ch32v20x_rcc.o
 .debug_info    0x000000000001ffc7     0x1307 build\libraries\ch32_library\ch32v208_hal\source\ch32v20x_usart.o

.debug_abbrev   0x0000000000000000     0x5da8
 .debug_abbrev  0x0000000000000000      0x3db Libraries\ch32_drivers\drv_gpio.o
 .debug_abbrev  0x00000000000003db      0x3b4 Libraries\ch32_drivers\drv_usart.o
 .debug_abbrev  0x000000000000078f      0x1dd build\applications\main.o
 .debug_abbrev  0x000000000000096c      0x2c8 build\board\board.o
 .debug_abbrev  0x0000000000000c34      0x1e8 build\board\software_irq.o
 .debug_abbrev  0x0000000000000e1c      0x201 build\kernel\components\drivers\core\device.o
 .debug_abbrev  0x000000000000101d      0x2c1 build\kernel\components\drivers\ipc\completion.o
 .debug_abbrev  0x00000000000012de      0x2ea build\kernel\components\drivers\misc\adc.o
 .debug_abbrev  0x00000000000015c8      0x32f build\kernel\components\drivers\misc\pin.o
 .debug_abbrev  0x00000000000018f7      0x30d build\kernel\components\drivers\misc\rt_drv_pwm.o
 .debug_abbrev  0x0000000000001c04      0x34e build\kernel\components\drivers\rtc\rtc.o
 .debug_abbrev  0x0000000000001f52      0x32a build\kernel\components\drivers\serial\serial.o
 .debug_abbrev  0x000000000000227c      0x388 build\kernel\components\finsh\cmd.o
 .debug_abbrev  0x0000000000002604      0x342 build\kernel\components\finsh\msh.o
 .debug_abbrev  0x0000000000002946      0x10e build\kernel\components\finsh\msh_parse.o
 .debug_abbrev  0x0000000000002a54      0x444 build\kernel\components\finsh\shell.o
 .debug_abbrev  0x0000000000002e98      0x384 build\kernel\components\libc\compilers\common\ctime.o
 .debug_abbrev  0x000000000000321c       0x14 build\kernel\libcpu\risc-v\common\context_gcc.o
 .debug_abbrev  0x0000000000003230      0x1b8 build\kernel\libcpu\risc-v\common\cpuport.o
 .debug_abbrev  0x00000000000033e8       0x14 build\kernel\libcpu\risc-v\common\interrupt_gcc.o
 .debug_abbrev  0x00000000000033fc      0x1c2 build\kernel\src\clock.o
 .debug_abbrev  0x00000000000035be      0x1a9 build\kernel\src\components.o
 .debug_abbrev  0x0000000000003767      0x24f build\kernel\src\idle.o
 .debug_abbrev  0x00000000000039b6      0x2db build\kernel\src\ipc.o
 .debug_abbrev  0x0000000000003c91      0x16a build\kernel\src\irq.o
 .debug_abbrev  0x0000000000003dfb      0x3b2 build\kernel\src\kservice.o
 .debug_abbrev  0x00000000000041ad      0x219 build\kernel\src\mem.o
 .debug_abbrev  0x00000000000043c6      0x25b build\kernel\src\object.o
 .debug_abbrev  0x0000000000004621      0x270 build\kernel\src\scheduler_up.o
 .debug_abbrev  0x0000000000004891      0x293 build\kernel\src\thread.o
 .debug_abbrev  0x0000000000004b24      0x2cf build\kernel\src\timer.o
 .debug_abbrev  0x0000000000004df3      0x1db build\libraries\ch32_library\bmsis\source\ch32v20x_it.o
 .debug_abbrev  0x0000000000004fce       0x12 build\libraries\ch32_library\bmsis\source\startup_ch32v20x_D8W.o
 .debug_abbrev  0x0000000000004fe0      0x2a1 build\libraries\ch32_library\bmsis\source\system_ch32v20x.o
 .debug_abbrev  0x0000000000005281      0x26b build\libraries\ch32_library\ch32v208_hal\source\ch32v20x_exti.o
 .debug_abbrev  0x00000000000054ec      0x2fa build\libraries\ch32_library\ch32v208_hal\source\ch32v20x_gpio.o
 .debug_abbrev  0x00000000000057e6      0x2fd build\libraries\ch32_library\ch32v208_hal\source\ch32v20x_rcc.o
 .debug_abbrev  0x0000000000005ae3      0x2c5 build\libraries\ch32_library\ch32v208_hal\source\ch32v20x_usart.o

.debug_aranges  0x0000000000000000      0x4d0
 .debug_aranges
                0x0000000000000000       0x20 Libraries\ch32_drivers\drv_gpio.o
 .debug_aranges
                0x0000000000000020       0x20 Libraries\ch32_drivers\drv_usart.o
 .debug_aranges
                0x0000000000000040       0x20 build\applications\main.o
 .debug_aranges
                0x0000000000000060       0x20 build\board\board.o
 .debug_aranges
                0x0000000000000080       0x20 build\board\software_irq.o
 .debug_aranges
                0x00000000000000a0       0x20 build\kernel\components\drivers\core\device.o
 .debug_aranges
                0x00000000000000c0       0x20 build\kernel\components\drivers\ipc\completion.o
 .debug_aranges
                0x00000000000000e0       0x20 build\kernel\components\drivers\misc\adc.o
 .debug_aranges
                0x0000000000000100       0x20 build\kernel\components\drivers\misc\pin.o
 .debug_aranges
                0x0000000000000120       0x20 build\kernel\components\drivers\misc\rt_drv_pwm.o
 .debug_aranges
                0x0000000000000140       0x20 build\kernel\components\drivers\rtc\rtc.o
 .debug_aranges
                0x0000000000000160       0x20 build\kernel\components\drivers\serial\serial.o
 .debug_aranges
                0x0000000000000180       0x20 build\kernel\components\finsh\cmd.o
 .debug_aranges
                0x00000000000001a0       0x20 build\kernel\components\finsh\msh.o
 .debug_aranges
                0x00000000000001c0       0x20 build\kernel\components\finsh\msh_parse.o
 .debug_aranges
                0x00000000000001e0       0x20 build\kernel\components\finsh\shell.o
 .debug_aranges
                0x0000000000000200       0x20 build\kernel\components\libc\compilers\common\ctime.o
 .debug_aranges
                0x0000000000000220       0x20 build\kernel\libcpu\risc-v\common\context_gcc.o
 .debug_aranges
                0x0000000000000240       0x20 build\kernel\libcpu\risc-v\common\cpuport.o
 .debug_aranges
                0x0000000000000260       0x20 build\kernel\libcpu\risc-v\common\interrupt_gcc.o
 .debug_aranges
                0x0000000000000280       0x20 build\kernel\src\clock.o
 .debug_aranges
                0x00000000000002a0       0x20 build\kernel\src\components.o
 .debug_aranges
                0x00000000000002c0       0x20 build\kernel\src\idle.o
 .debug_aranges
                0x00000000000002e0       0x20 build\kernel\src\ipc.o
 .debug_aranges
                0x0000000000000300       0x20 build\kernel\src\irq.o
 .debug_aranges
                0x0000000000000320       0x20 build\kernel\src\kservice.o
 .debug_aranges
                0x0000000000000340       0x20 build\kernel\src\mem.o
 .debug_aranges
                0x0000000000000360       0x20 build\kernel\src\object.o
 .debug_aranges
                0x0000000000000380       0x20 build\kernel\src\scheduler_up.o
 .debug_aranges
                0x00000000000003a0       0x20 build\kernel\src\thread.o
 .debug_aranges
                0x00000000000003c0       0x20 build\kernel\src\timer.o
 .debug_aranges
                0x00000000000003e0       0x20 build\libraries\ch32_library\bmsis\source\ch32v20x_it.o
 .debug_aranges
                0x0000000000000400       0x30 build\libraries\ch32_library\bmsis\source\startup_ch32v20x_D8W.o
 .debug_aranges
                0x0000000000000430       0x20 build\libraries\ch32_library\bmsis\source\system_ch32v20x.o
 .debug_aranges
                0x0000000000000450       0x20 build\libraries\ch32_library\ch32v208_hal\source\ch32v20x_exti.o
 .debug_aranges
                0x0000000000000470       0x20 build\libraries\ch32_library\ch32v208_hal\source\ch32v20x_gpio.o
 .debug_aranges
                0x0000000000000490       0x20 build\libraries\ch32_library\ch32v208_hal\source\ch32v20x_rcc.o
 .debug_aranges
                0x00000000000004b0       0x20 build\libraries\ch32_library\ch32v208_hal\source\ch32v20x_usart.o

.debug_macro    0x0000000000000000    0x17f24
 .debug_macro   0x0000000000000000      0xc4f Libraries\ch32_drivers\drv_gpio.o
 .debug_macro   0x0000000000000c4f      0xc3c Libraries\ch32_drivers\drv_usart.o
 .debug_macro   0x000000000000188b       0x10 Libraries\ch32_drivers\drv_usart.o
 .debug_macro   0x000000000000189b       0x10 Libraries\ch32_drivers\drv_usart.o
 .debug_macro   0x00000000000018ab      0xc34 build\applications\main.o
 .debug_macro   0x00000000000024df       0x97 build\applications\main.o
 .debug_macro   0x0000000000002576       0xfd build\applications\main.o
 .debug_macro   0x0000000000002673       0x10 build\applications\main.o
 .debug_macro   0x0000000000002683       0x52 build\applications\main.o
 .debug_macro   0x00000000000026d5      0xc2a build\board\board.o
 .debug_macro   0x00000000000032ff      0xa91 build\board\software_irq.o
 .debug_macro   0x0000000000003d90      0x9db build\kernel\components\drivers\core\device.o
 .debug_macro   0x000000000000476b      0xac9 build\kernel\components\drivers\ipc\completion.o
 .debug_macro   0x0000000000005234       0x83 build\kernel\components\drivers\ipc\completion.o
 .debug_macro   0x00000000000052b7       0x4c build\kernel\components\drivers\ipc\completion.o
 .debug_macro   0x0000000000005303      0xb23 build\kernel\components\drivers\misc\adc.o
 .debug_macro   0x0000000000005e26       0x16 build\kernel\components\drivers\misc\adc.o
 .debug_macro   0x0000000000005e3c       0x16 build\kernel\components\drivers\misc\adc.o
 .debug_macro   0x0000000000005e52       0x22 build\kernel\components\drivers\misc\adc.o
 .debug_macro   0x0000000000005e74      0xa36 build\kernel\components\drivers\misc\pin.o
 .debug_macro   0x00000000000068aa       0x64 build\kernel\components\drivers\misc\pin.o
 .debug_macro   0x000000000000690e       0x10 build\kernel\components\drivers\misc\pin.o
 .debug_macro   0x000000000000691e       0x9c build\kernel\components\drivers\misc\pin.o
 .debug_macro   0x00000000000069ba      0xb10 build\kernel\components\drivers\misc\rt_drv_pwm.o
 .debug_macro   0x00000000000074ca      0xa6d build\kernel\components\drivers\rtc\rtc.o
 .debug_macro   0x0000000000007f37       0x52 build\kernel\components\drivers\rtc\rtc.o
 .debug_macro   0x0000000000007f89       0x5c build\kernel\components\drivers\rtc\rtc.o
 .debug_macro   0x0000000000007fe5       0x57 build\kernel\components\drivers\rtc\rtc.o
 .debug_macro   0x000000000000803c      0xad2 build\kernel\components\drivers\serial\serial.o
 .debug_macro   0x0000000000008b0e      0x9e2 build\kernel\components\finsh\cmd.o
 .debug_macro   0x00000000000094f0      0x9f9 build\kernel\components\finsh\msh.o
 .debug_macro   0x0000000000009ee9       0x10 build\kernel\components\finsh\msh.o
 .debug_macro   0x0000000000009ef9      0x9bb build\kernel\components\finsh\msh_parse.o
 .debug_macro   0x000000000000a8b4       0x96 build\kernel\components\finsh\msh_parse.o
 .debug_macro   0x000000000000a94a      0xa24 build\kernel\components\finsh\shell.o
 .debug_macro   0x000000000000b36e       0x1c build\kernel\components\finsh\shell.o
 .debug_macro   0x000000000000b38a       0x10 build\kernel\components\finsh\shell.o
 .debug_macro   0x000000000000b39a      0xaf6 build\kernel\components\libc\compilers\common\ctime.o
 .debug_macro   0x000000000000be90       0x40 build\kernel\components\libc\compilers\common\ctime.o
 .debug_macro   0x000000000000bed0       0x2e build\kernel\components\libc\compilers\common\ctime.o
 .debug_macro   0x000000000000befe      0x9b5 build\kernel\libcpu\risc-v\common\cpuport.o
 .debug_macro   0x000000000000c8b3       0x1c build\kernel\libcpu\risc-v\common\cpuport.o
 .debug_macro   0x000000000000c8cf      0x9a8 build\kernel\src\clock.o
 .debug_macro   0x000000000000d277      0x9a2 build\kernel\src\components.o
 .debug_macro   0x000000000000dc19      0x9a8 build\kernel\src\idle.o
 .debug_macro   0x000000000000e5c1      0x9cf build\kernel\src\ipc.o
 .debug_macro   0x000000000000ef90      0x9c3 build\kernel\src\irq.o
 .debug_macro   0x000000000000f953      0xa87 build\kernel\src\kservice.o
 .debug_macro   0x00000000000103da      0x9f3 build\kernel\src\mem.o
 .debug_macro   0x0000000000010dcd      0x9cb build\kernel\src\object.o
 .debug_macro   0x0000000000011798      0x9c3 build\kernel\src\scheduler_up.o
 .debug_macro   0x000000000001215b      0x9cd build\kernel\src\thread.o
 .debug_macro   0x0000000000012b28      0x9db build\kernel\src\timer.o
 .debug_macro   0x0000000000013503      0xc1e build\libraries\ch32_library\bmsis\source\ch32v20x_it.o
 .debug_macro   0x0000000000014121      0xa8e build\libraries\ch32_library\bmsis\source\system_ch32v20x.o
 .debug_macro   0x0000000000014baf      0xa98 build\libraries\ch32_library\ch32v208_hal\source\ch32v20x_exti.o
 .debug_macro   0x0000000000015647       0x88 build\libraries\ch32_library\ch32v208_hal\source\ch32v20x_exti.o
 .debug_macro   0x00000000000156cf      0xab6 build\libraries\ch32_library\ch32v208_hal\source\ch32v20x_gpio.o
 .debug_macro   0x0000000000016185      0x23f build\libraries\ch32_library\ch32v208_hal\source\ch32v20x_gpio.o
 .debug_macro   0x00000000000163c4      0xb52 build\libraries\ch32_library\ch32v208_hal\source\ch32v20x_rcc.o
 .debug_macro   0x0000000000016f16      0x370 build\libraries\ch32_library\ch32v208_hal\source\ch32v20x_rcc.o
 .debug_macro   0x0000000000017286      0xb46 build\libraries\ch32_library\ch32v208_hal\source\ch32v20x_usart.o
 .debug_macro   0x0000000000017dcc      0x158 build\libraries\ch32_library\ch32v208_hal\source\ch32v20x_usart.o

.debug_line     0x0000000000000000    0x1c576
 .debug_line    0x0000000000000000     0x1371 Libraries\ch32_drivers\drv_gpio.o
 .debug_line    0x0000000000001371      0xd67 Libraries\ch32_drivers\drv_usart.o
 .debug_line    0x00000000000020d8      0x885 build\applications\main.o
 .debug_line    0x000000000000295d      0x9ba build\board\board.o
 .debug_line    0x0000000000003317      0x595 build\board\software_irq.o
 .debug_line    0x00000000000038ac      0x803 build\kernel\components\drivers\core\device.o
 .debug_line    0x00000000000040af      0x7ac build\kernel\components\drivers\ipc\completion.o
 .debug_line    0x000000000000485b      0xd6a build\kernel\components\drivers\misc\adc.o
 .debug_line    0x00000000000055c5      0xbd4 build\kernel\components\drivers\misc\pin.o
 .debug_line    0x0000000000006199      0xff8 build\kernel\components\drivers\misc\rt_drv_pwm.o
 .debug_line    0x0000000000007191      0xcd0 build\kernel\components\drivers\rtc\rtc.o
 .debug_line    0x0000000000007e61     0x1160 build\kernel\components\drivers\serial\serial.o
 .debug_line    0x0000000000008fc1     0x13b1 build\kernel\components\finsh\cmd.o
 .debug_line    0x000000000000a372      0xa64 build\kernel\components\finsh\msh.o
 .debug_line    0x000000000000add6      0x6ca build\kernel\components\finsh\msh_parse.o
 .debug_line    0x000000000000b4a0     0x1110 build\kernel\components\finsh\shell.o
 .debug_line    0x000000000000c5b0     0x129b build\kernel\components\libc\compilers\common\ctime.o
 .debug_line    0x000000000000d84b      0x25b build\kernel\libcpu\risc-v\common\context_gcc.o
 .debug_line    0x000000000000daa6      0x532 build\kernel\libcpu\risc-v\common\cpuport.o
 .debug_line    0x000000000000dfd8      0x269 build\kernel\libcpu\risc-v\common\interrupt_gcc.o
 .debug_line    0x000000000000e241      0x4fb build\kernel\src\clock.o
 .debug_line    0x000000000000e73c      0x522 build\kernel\src\components.o
 .debug_line    0x000000000000ec5e      0x6ec build\kernel\src\idle.o
 .debug_line    0x000000000000f34a     0x2aae build\kernel\src\ipc.o
 .debug_line    0x0000000000011df8      0x498 build\kernel\src\irq.o
 .debug_line    0x0000000000012290     0x1f69 build\kernel\src\kservice.o
 .debug_line    0x00000000000141f9      0xc57 build\kernel\src\mem.o
 .debug_line    0x0000000000014e50      0xa1b build\kernel\src\object.o
 .debug_line    0x000000000001586b      0x993 build\kernel\src\scheduler_up.o
 .debug_line    0x00000000000161fe      0xcd8 build\kernel\src\thread.o
 .debug_line    0x0000000000016ed6      0xec5 build\kernel\src\timer.o
 .debug_line    0x0000000000017d9b      0x8a9 build\libraries\ch32_library\bmsis\source\ch32v20x_it.o
 .debug_line    0x0000000000018644      0x2a9 build\libraries\ch32_library\bmsis\source\startup_ch32v20x_D8W.o
 .debug_line    0x00000000000188ed      0x8cc build\libraries\ch32_library\bmsis\source\system_ch32v20x.o
 .debug_line    0x00000000000191b9      0x87d build\libraries\ch32_library\ch32v208_hal\source\ch32v20x_exti.o
 .debug_line    0x0000000000019a36      0xd2e build\libraries\ch32_library\ch32v208_hal\source\ch32v20x_gpio.o
 .debug_line    0x000000000001a764      0xfdd build\libraries\ch32_library\ch32v208_hal\source\ch32v20x_rcc.o
 .debug_line    0x000000000001b741      0xe35 build\libraries\ch32_library\ch32v208_hal\source\ch32v20x_usart.o

.debug_str      0x0000000000000000    0x38061
 .debug_str     0x0000000000000000    0x31ce8 Libraries\ch32_drivers\drv_gpio.o
                                      0x32119 (size before relaxing)
 .debug_str     0x0000000000031ce8      0x484 Libraries\ch32_drivers\drv_usart.o
                                      0x3207b (size before relaxing)
 .debug_str     0x000000000003216c       0x49 build\applications\main.o
                                      0x31262 (size before relaxing)
 .debug_str     0x00000000000321b5       0x9e build\board\board.o
                                      0x319fd (size before relaxing)
 .debug_str     0x0000000000032253       0x4d build\board\software_irq.o
                                      0x2d334 (size before relaxing)
 .debug_str     0x00000000000322a0      0x3a4 build\kernel\components\drivers\core\device.o
                                       0x8c41 (size before relaxing)
 .debug_str     0x0000000000032644      0x201 build\kernel\components\drivers\ipc\completion.o
                                       0xaa92 (size before relaxing)
 .debug_str     0x0000000000032845      0x288 build\kernel\components\drivers\misc\adc.o
                                       0xb01e (size before relaxing)
 .debug_str     0x0000000000032acd      0x56e build\kernel\components\drivers\misc\pin.o
                                       0xa053 (size before relaxing)
 .debug_str     0x000000000003303b      0x156 build\kernel\components\drivers\misc\rt_drv_pwm.o
                                       0xae55 (size before relaxing)
 .debug_str     0x0000000000033191      0x22d build\kernel\components\drivers\rtc\rtc.o
                                       0xa152 (size before relaxing)
 .debug_str     0x00000000000333be      0x187 build\kernel\components\drivers\serial\serial.o
                                       0xafff (size before relaxing)
 .debug_str     0x0000000000033545      0x305 build\kernel\components\finsh\cmd.o
                                       0x9e4c (size before relaxing)
 .debug_str     0x000000000003384a      0x1d6 build\kernel\components\finsh\msh.o
                                       0x95f1 (size before relaxing)
 .debug_str     0x0000000000033a20       0x81 build\kernel\components\finsh\msh_parse.o
                                       0x877a (size before relaxing)
 .debug_str     0x0000000000033aa1      0x24c build\kernel\components\finsh\shell.o
                                       0xa17a (size before relaxing)
 .debug_str     0x0000000000033ced      0x62d build\kernel\components\libc\compilers\common\ctime.o
                                       0xb432 (size before relaxing)
 .debug_str     0x000000000003431a       0x58 build\kernel\libcpu\risc-v\common\context_gcc.o
 .debug_str     0x0000000000034372      0x125 build\kernel\libcpu\risc-v\common\cpuport.o
                                       0x8655 (size before relaxing)
 .debug_str     0x0000000000034497       0x2f build\kernel\libcpu\risc-v\common\interrupt_gcc.o
                                         0x5a (size before relaxing)
 .debug_str     0x00000000000344c6       0xca build\kernel\src\clock.o
                                       0x85c2 (size before relaxing)
 .debug_str     0x0000000000034590       0xdd build\kernel\src\components.o
                                       0x85ec (size before relaxing)
 .debug_str     0x000000000003466d      0x154 build\kernel\src\idle.o
                                       0x8668 (size before relaxing)
 .debug_str     0x00000000000347c1      0x764 build\kernel\src\ipc.o
                                       0x920e (size before relaxing)
 .debug_str     0x0000000000034f25      0x18f build\kernel\src\irq.o
                                       0x8646 (size before relaxing)
 .debug_str     0x00000000000350b4      0x7b5 build\kernel\src\kservice.o
                                       0x92e4 (size before relaxing)
 .debug_str     0x0000000000035869      0x3b3 build\kernel\src\mem.o
                                       0x8acd (size before relaxing)
 .debug_str     0x0000000000035c1c      0x41d build\kernel\src\object.o
                                       0x8b2f (size before relaxing)
 .debug_str     0x0000000000036039      0x2ca build\kernel\src\scheduler_up.o
                                       0x8a01 (size before relaxing)
 .debug_str     0x0000000000036303      0x34e build\kernel\src\thread.o
                                       0x8c53 (size before relaxing)
 .debug_str     0x0000000000036651      0x2c9 build\kernel\src\timer.o
                                       0x8c52 (size before relaxing)
 .debug_str     0x000000000003691a       0x56 build\libraries\ch32_library\bmsis\source\ch32v20x_it.o
                                      0x3126f (size before relaxing)
 .debug_str     0x0000000000036970       0x41 build\libraries\ch32_library\bmsis\source\startup_ch32v20x_D8W.o
                                         0x6c (size before relaxing)
 .debug_str     0x00000000000369b1      0x14f build\libraries\ch32_library\bmsis\source\system_ch32v20x.o
                                      0x2ceee (size before relaxing)
 .debug_str     0x0000000000036b00      0x146 build\libraries\ch32_library\ch32v208_hal\source\ch32v20x_exti.o
                                      0x2cfac (size before relaxing)
 .debug_str     0x0000000000036c46      0x331 build\libraries\ch32_library\ch32v208_hal\source\ch32v20x_gpio.o
                                      0x2d24a (size before relaxing)
 .debug_str     0x0000000000036f77      0x920 build\libraries\ch32_library\ch32v208_hal\source\ch32v20x_rcc.o
                                      0x2d7c7 (size before relaxing)
 .debug_str     0x0000000000037897      0x7ca build\libraries\ch32_library\ch32v208_hal\source\ch32v20x_usart.o
                                      0x2d6f6 (size before relaxing)

.comment        0x0000000000000000       0x33
 .comment       0x0000000000000000       0x33 Libraries\ch32_drivers\drv_gpio.o
                                         0x34 (size before relaxing)
 .comment       0x0000000000000033       0x34 Libraries\ch32_drivers\drv_usart.o
 .comment       0x0000000000000033       0x34 build\applications\main.o
 .comment       0x0000000000000033       0x34 build\board\board.o
 .comment       0x0000000000000033       0x34 build\board\software_irq.o
 .comment       0x0000000000000033       0x34 build\kernel\components\drivers\core\device.o
 .comment       0x0000000000000033       0x34 build\kernel\components\drivers\ipc\completion.o
 .comment       0x0000000000000033       0x34 build\kernel\components\drivers\misc\adc.o
 .comment       0x0000000000000033       0x34 build\kernel\components\drivers\misc\pin.o
 .comment       0x0000000000000033       0x34 build\kernel\components\drivers\misc\rt_drv_pwm.o
 .comment       0x0000000000000033       0x34 build\kernel\components\drivers\rtc\rtc.o
 .comment       0x0000000000000033       0x34 build\kernel\components\drivers\serial\serial.o
 .comment       0x0000000000000033       0x34 build\kernel\components\finsh\cmd.o
 .comment       0x0000000000000033       0x34 build\kernel\components\finsh\msh.o
 .comment       0x0000000000000033       0x34 build\kernel\components\finsh\msh_parse.o
 .comment       0x0000000000000033       0x34 build\kernel\components\finsh\shell.o
 .comment       0x0000000000000033       0x34 build\kernel\components\libc\compilers\common\ctime.o
 .comment       0x0000000000000033       0x34 build\kernel\libcpu\risc-v\common\cpuport.o
 .comment       0x0000000000000033       0x34 build\kernel\src\clock.o
 .comment       0x0000000000000033       0x34 build\kernel\src\components.o
 .comment       0x0000000000000033       0x34 build\kernel\src\idle.o
 .comment       0x0000000000000033       0x34 build\kernel\src\ipc.o
 .comment       0x0000000000000033       0x34 build\kernel\src\irq.o
 .comment       0x0000000000000033       0x34 build\kernel\src\kservice.o
 .comment       0x0000000000000033       0x34 build\kernel\src\mem.o
 .comment       0x0000000000000033       0x34 build\kernel\src\object.o
 .comment       0x0000000000000033       0x34 build\kernel\src\scheduler_up.o
 .comment       0x0000000000000033       0x34 build\kernel\src\thread.o
 .comment       0x0000000000000033       0x34 build\kernel\src\timer.o
 .comment       0x0000000000000033       0x34 build\libraries\ch32_library\bmsis\source\ch32v20x_it.o
 .comment       0x0000000000000033       0x34 build\libraries\ch32_library\bmsis\source\system_ch32v20x.o
 .comment       0x0000000000000033       0x34 build\libraries\ch32_library\ch32v208_hal\source\ch32v20x_exti.o
 .comment       0x0000000000000033       0x34 build\libraries\ch32_library\ch32v208_hal\source\ch32v20x_gpio.o
 .comment       0x0000000000000033       0x34 build\libraries\ch32_library\ch32v208_hal\source\ch32v20x_rcc.o